[2026-05-08 23:26:40,829] INFO clasificacion: Ubicación A1-N1 liberada.
[2026-05-08 23:26:40,833] WARNING clasificacion: No hay ubicaciones disponibles para caja (peso=10, frágil=True, cat=otro).
[2026-05-08 23:26:40,837] WARNING clasificacion: No hay ubicaciones disponibles para caja (peso=50, frágil=False, cat=otro).
[2026-05-08 23:26:40,839] WARNING clasificacion: No hay ubicaciones disponibles para caja (peso=10, frágil=False, cat=otro).
[2026-05-08 23:26:40,892] INFO clasificacion: Ubicación A1-N1 liberada.
[2026-05-08 23:26:40,894] INFO clasificacion: Caja CAJA-DESP-001 despachada. Ubicación A1-N1 liberada.
[2026-05-08 23:30:06,530] INFO clasificacion: Ubicación A3-N4 liberada.
[2026-05-08 23:30:06,536] INFO clasificacion: Caja CAJ005¿7 despachada. Ubicación A3-N4 liberada.
[2026-05-08 23:32:25,341] INFO clasificacion: Caja CAJ009 confirmada como almacenada.
[2026-05-08 23:54:07,922] INFO clasificacion: Ubicación A1-N1 liberada.
[2026-05-08 23:54:07,929] WARNING clasificacion: No hay ubicaciones disponibles para caja (peso=10, frágil=True, cat=otro).
[2026-05-08 23:54:07,932] WARNING clasificacion: No hay ubicaciones disponibles para caja (peso=50, frágil=False, cat=otro).
[2026-05-08 23:54:07,935] WARNING clasificacion: No hay ubicaciones disponibles para caja (peso=10, frágil=False, cat=otro).
[2026-05-08 23:54:07,991] INFO clasificacion: Ubicación A1-N1 liberada.
[2026-05-09 00:01:31,793] INFO clasificacion: Ubicación A3-N4 liberada.
[2026-05-09 00:02:10,011] INFO clasificacion: Ubicación A1-N1 liberada.
[2026-05-09 00:02:27,687] INFO clasificacion: Ubicación A1-N2 liberada.
[2026-05-09 00:02:31,673] INFO clasificacion: Ubicación A2-N1 liberada.
[2026-05-09 00:02:42,393] INFO clasificacion: Ubicación A4-N1 liberada.
[2026-05-09 00:20:27,168] INFO clasificacion: Ubicación A1-N1 liberada.
[2026-05-09 00:20:27,170] WARNING clasificacion: No hay ubicaciones disponibles para caja (peso=10, frágil=True, cat=otro).
[2026-05-09 00:20:27,173] WARNING clasificacion: No hay ubicaciones disponibles para caja (peso=50, frágil=False, cat=otro).
[2026-05-09 00:20:27,176] WARNING clasificacion: No hay ubicaciones disponibles para caja (peso=10, frágil=False, cat=otro).
[2026-05-09 00:20:27,225] INFO clasificacion: Ubicación A1-N1 liberada.
[2026-05-09 00:24:57,589] INFO clasificacion: Caja CAJ-20260509-001 almacenada en parada 0.
[2026-05-09 00:25:01,523] INFO clasificacion: Caja CAJ-20260509-002 almacenada en parada 1.
[2026-05-09 00:25:01,533] INFO clasificacion: Ruta multi-parada completada.
[2026-05-09 00:35:21,036] INFO clasificacion: Ubicación A1-N1 liberada.
[2026-05-09 00:35:21,042] WARNING clasificacion: No hay ubicaciones disponibles para caja (peso=10, frágil=True, cat=otro).
[2026-05-09 00:35:21,046] WARNING clasificacion: No hay ubicaciones disponibles para caja (peso=50, frágil=False, cat=otro).
[2026-05-09 00:35:21,048] WARNING clasificacion: No hay ubicaciones disponibles para caja (peso=10, frágil=False, cat=otro).
[2026-05-09 00:35:21,101] INFO clasificacion: Ubicación A1-N1 liberada.
[2026-05-09 23:00:04,709] INFO clasificacion: Ubicación A1-N4 liberada.
[2026-05-09 23:00:15,090] INFO clasificacion: Ubicación A3-N3 liberada.
[2026-05-09 23:07:08,246] INFO clasificacion: Caja CAJ-TEST-001 almacenada en parada 0.
[2026-05-09 23:07:08,259] INFO clasificacion: Ruta completada. Carro regresando a base (0,0).
[2026-05-09 23:09:35,707] INFO clasificacion: Carro llegó a base (0,0).
[2026-05-09 23:22:21,803] INFO clasificacion: Caja CAJ-20260509-003 almacenada en parada 0.
[2026-05-09 23:22:39,285] INFO clasificacion: Caja CAJ-20260509-004 almacenada en parada 1.
[2026-05-09 23:23:13,637] INFO clasificacion: Caja CAJ-20260509-005 almacenada en parada 2.
[2026-05-09 23:23:13,657] INFO clasificacion: Ruta completada. Carro regresando a base (0,0).
[2026-05-09 23:23:19,432] INFO clasificacion: Carro llegó a base (0,0).
[2026-05-11 11:46:57,565] INFO clasificacion: Caja CAJ-20260511-002 almacenada en parada 0.
[2026-05-11 11:47:07,735] INFO clasificacion: Caja CAJ-20260511-001 almacenada en parada 1.
[2026-05-11 11:47:07,745] INFO clasificacion: Ruta completada. Carro regresando a base (0,0).
[2026-05-11 11:47:12,138] INFO clasificacion: Carro llegó a base (0,0).
[2026-06-21 18:45:36,506] INFO clasificacion: Ubicación A1-N1 liberada.
[2026-06-25 01:02:57,568] INFO clasificacion: Ubicación A1-N1 liberada.
[2026-06-25 01:02:57,573] WARNING clasificacion: No hay ubicaciones disponibles para caja (peso=10, frágil=True, cat=otro).
[2026-06-25 01:02:57,574] WARNING clasificacion: No hay ubicaciones disponibles para caja (peso=50, frágil=False, cat=otro).
[2026-06-25 01:02:57,576] WARNING clasificacion: No hay ubicaciones disponibles para caja (peso=10, frágil=False, cat=otro).
[2026-06-25 01:02:57,610] INFO clasificacion: Ubicación A1-N1 liberada.
[2026-06-25 01:02:58,314] INFO clasificacion: Caja creada via API v1: CAJA-API-V1 (proveedor=Proveedor Test, medida=Estándar (1.00x1.00x1.00))
[2026-06-25 01:05:02,629] DEBUG clasificacion: Broadcasted EstadoCarro update via WebSocket: {'id': 1, 'pos_x': 0, 'pos_y': 0, 'destino_x': 0, 'destino_y': 0, 'ruta': [], 'estado': 'esperando', 'caja_id': None, 'paradas': [], 'parada_actual': 0, 'actualizado_en': '2026-06-25T01:05:02.617592-05:00', 'sensor_opt_izq_ext': False, 'sensor_opt_izq_int': False, 'sensor_opt_der_int': False, 'sensor_opt_der_ext': False, 'sensor_obstaculo_frontal': False, 'sensor_obstaculo_trasero': False, 'motor_izq_vel': 1500, 'motor_der_vel': 1500, 'bateria_pct': 100}
[2026-06-25 01:05:02,634] DEBUG clasificacion: Broadcasted EstadoCarro update via WebSocket: {'id': 1, 'pos_x': 0, 'pos_y': 0, 'destino_x': 1, 'destino_y': 2, 'ruta': [{'x': 1, 'y': 0}, {'x': 1, 'y': 1}, {'x': 1, 'y': 2}], 'estado': 'moviendo', 'caja_id': 'CAJA-BATCH-001', 'paradas': [{'caja_id': 'CAJA-BATCH-001', 'producto': 'Caja Test Batch', 'x': 1, 'y': 2, 'ubicacion_id': 2, 'ubicacion_nombre': 'B2-N2', 'score': 100}], 'parada_actual': 0, 'actualizado_en': '2026-06-25T01:05:02.630932-05:00', 'sensor_opt_izq_ext': False, 'sensor_opt_izq_int': False, 'sensor_opt_der_int': False, 'sensor_opt_der_ext': False, 'sensor_obstaculo_frontal': False, 'sensor_obstaculo_trasero': False, 'motor_izq_vel': 1500, 'motor_der_vel': 1500, 'bateria_pct': 100}
[2026-06-25 01:05:03,279] INFO clasificacion: Publicado comando MQTT a logismart/carro/comando: {'action': 'mover', 'destino_x': 1, 'destino_y': 2, 'ruta': [{'x': 1, 'y': 0}, {'x': 1, 'y': 1}, {'x': 1, 'y': 2}], 'caja_id': 'CAJA-BATCH-001', 'carro_id': 1}
[2026-06-25 01:05:03,304] DEBUG clasificacion: Broadcasted EstadoCarro update via WebSocket: {'id': 1, 'pos_x': 0, 'pos_y': 0, 'destino_x': 0, 'destino_y': 0, 'ruta': [], 'estado': 'esperando', 'caja_id': None, 'paradas': [], 'parada_actual': 0, 'actualizado_en': '2026-06-25T01:05:03.299172-05:00', 'sensor_opt_izq_ext': False, 'sensor_opt_izq_int': False, 'sensor_opt_der_int': False, 'sensor_opt_der_ext': False, 'sensor_obstaculo_frontal': False, 'sensor_obstaculo_trasero': False, 'motor_izq_vel': 1500, 'motor_der_vel': 1500, 'bateria_pct': 100}
[2026-06-25 01:05:03,309] DEBUG clasificacion: Broadcasted EstadoCarro update via WebSocket: {'id': 1, 'pos_x': 0, 'pos_y': 0, 'destino_x': 0, 'destino_y': 1, 'ruta': [{'x': 0, 'y': 1}], 'estado': 'moviendo', 'caja_id': 'CAJA-BATCH-001', 'paradas': [{'caja_id': 'CAJA-BATCH-001', 'producto': 'Caja Test Batch', 'x': 0, 'y': 1, 'ubicacion_id': 1, 'ubicacion_nombre': 'A1-N1', 'score': 105}], 'parada_actual': 0, 'actualizado_en': '2026-06-25T01:05:03.305393-05:00', 'sensor_opt_izq_ext': False, 'sensor_opt_izq_int': False, 'sensor_opt_der_int': False, 'sensor_opt_der_ext': False, 'sensor_obstaculo_frontal': False, 'sensor_obstaculo_trasero': False, 'motor_izq_vel': 1500, 'motor_der_vel': 1500, 'bateria_pct': 100}
[2026-06-25 01:05:03,418] INFO clasificacion: Publicado comando MQTT a logismart/carro/comando: {'action': 'mover', 'destino_x': 0, 'destino_y': 1, 'ruta': [{'x': 0, 'y': 1}], 'caja_id': 'CAJA-BATCH-001', 'carro_id': 1}
[2026-06-25 01:20:06,850] DEBUG clasificacion: Broadcasted EstadoCarro update via WebSocket: {'id': 1, 'pos_x': 0, 'pos_y': 0, 'destino_x': 0, 'destino_y': 0, 'ruta': [], 'estado': 'esperando', 'caja_id': None, 'paradas': [], 'parada_actual': 0, 'actualizado_en': '2026-06-25T01:20:06.843464-05:00', 'sensor_opt_izq_ext': False, 'sensor_opt_izq_int': False, 'sensor_opt_der_int': False, 'sensor_opt_der_ext': False, 'sensor_obstaculo_frontal': False, 'sensor_obstaculo_trasero': False, 'motor_izq_vel': 1500, 'motor_der_vel': 1500, 'bateria_pct': 100}
[2026-06-25 01:20:06,856] DEBUG clasificacion: Broadcasted EstadoCarro update via WebSocket: {'id': 1, 'pos_x': 0, 'pos_y': 0, 'destino_x': 1, 'destino_y': 2, 'ruta': [{'x': 1, 'y': 0}, {'x': 1, 'y': 1}, {'x': 1, 'y': 2}], 'estado': 'moviendo', 'caja_id': 'CAJA-BATCH-001', 'paradas': [{'caja_id': 'CAJA-BATCH-001', 'producto': 'Caja Test Batch', 'x': 1, 'y': 2, 'ubicacion_id': 2, 'ubicacion_nombre': 'B2-N2-A1', 'score': 100}], 'parada_actual': 0, 'actualizado_en': '2026-06-25T01:20:06.851457-05:00', 'sensor_opt_izq_ext': False, 'sensor_opt_izq_int': False, 'sensor_opt_der_int': False, 'sensor_opt_der_ext': False, 'sensor_obstaculo_frontal': False, 'sensor_obstaculo_trasero': False, 'motor_izq_vel': 1500, 'motor_der_vel': 1500, 'bateria_pct': 100}
[2026-06-25 01:20:06,988] INFO clasificacion: Publicado comando MQTT a logismart/carro/comando: {'action': 'mover', 'destino_x': 1, 'destino_y': 2, 'ruta': [{'x': 1, 'y': 0}, {'x': 1, 'y': 1}, {'x': 1, 'y': 2}], 'caja_id': 'CAJA-BATCH-001', 'carro_id': 1}
[2026-06-25 01:20:07,004] DEBUG clasificacion: Broadcasted EstadoCarro update via WebSocket: {'id': 1, 'pos_x': 0, 'pos_y': 0, 'destino_x': 0, 'destino_y': 0, 'ruta': [], 'estado': 'esperando', 'caja_id': None, 'paradas': [], 'parada_actual': 0, 'actualizado_en': '2026-06-25T01:20:07.000628-05:00', 'sensor_opt_izq_ext': False, 'sensor_opt_izq_int': False, 'sensor_opt_der_int': False, 'sensor_opt_der_ext': False, 'sensor_obstaculo_frontal': False, 'sensor_obstaculo_trasero': False, 'motor_izq_vel': 1500, 'motor_der_vel': 1500, 'bateria_pct': 100}
[2026-06-25 01:20:07,006] DEBUG clasificacion: Broadcasted EstadoCarro update via WebSocket: {'id': 1, 'pos_x': 0, 'pos_y': 0, 'destino_x': 0, 'destino_y': 1, 'ruta': [{'x': 0, 'y': 1}], 'estado': 'moviendo', 'caja_id': 'CAJA-BATCH-001', 'paradas': [{'caja_id': 'CAJA-BATCH-001', 'producto': 'Caja Test Batch', 'x': 0, 'y': 1, 'ubicacion_id': 1, 'ubicacion_nombre': 'A1-N1-A1', 'score': 105}], 'parada_actual': 0, 'actualizado_en': '2026-06-25T01:20:07.004844-05:00', 'sensor_opt_izq_ext': False, 'sensor_opt_izq_int': False, 'sensor_opt_der_int': False, 'sensor_opt_der_ext': False, 'sensor_obstaculo_frontal': False, 'sensor_obstaculo_trasero': False, 'motor_izq_vel': 1500, 'motor_der_vel': 1500, 'bateria_pct': 100}
[2026-06-25 01:20:07,057] INFO clasificacion: Publicado comando MQTT a logismart/carro/comando: {'action': 'mover', 'destino_x': 0, 'destino_y': 1, 'ruta': [{'x': 0, 'y': 1}], 'caja_id': 'CAJA-BATCH-001', 'carro_id': 1}
[2026-06-25 01:20:07,071] INFO clasificacion: Ubicación A1-N1-A1 liberada.
[2026-06-25 01:20:07,073] WARNING clasificacion: No hay ubicaciones disponibles para caja (peso=10, frágil=True, cat=otro).
[2026-06-25 01:20:07,076] WARNING clasificacion: No hay ubicaciones disponibles para caja (peso=50, frágil=False, cat=otro).
[2026-06-25 01:20:07,079] WARNING clasificacion: No hay ubicaciones disponibles para caja (peso=10, frágil=False, cat=otro).
[2026-06-25 01:20:07,105] INFO clasificacion: Ubicación A1-N1-A1 liberada.
[2026-06-25 01:20:07,667] INFO clasificacion: Caja creada via API v1: CAJA-API-V1 (proveedor=Proveedor Test, medida=Estándar (1.00x1.00x1.00))
[2026-06-25 01:27:53,766] DEBUG clasificacion: Broadcasted EstadoCarro update via WebSocket: {'id': 1, 'pos_x': 0, 'pos_y': 0, 'destino_x': 0, 'destino_y': 0, 'ruta': [], 'estado': 'esperando', 'caja_id': None, 'paradas': [], 'parada_actual': 0, 'actualizado_en': '2026-06-25T01:27:53.752333-05:00', 'sensor_opt_izq_ext': False, 'sensor_opt_izq_int': False, 'sensor_opt_der_int': False, 'sensor_opt_der_ext': False, 'sensor_obstaculo_frontal': False, 'sensor_obstaculo_trasero': False, 'motor_izq_vel': 1500, 'motor_der_vel': 1500, 'bateria_pct': 100}
[2026-06-25 01:27:53,772] DEBUG clasificacion: Broadcasted EstadoCarro update via WebSocket: {'id': 1, 'pos_x': 0, 'pos_y': 0, 'destino_x': 1, 'destino_y': 2, 'ruta': [{'x': 1, 'y': 0}, {'x': 1, 'y': 1}, {'x': 1, 'y': 2}], 'estado': 'moviendo', 'caja_id': 'CAJA-BATCH-001', 'paradas': [{'caja_id': 'CAJA-BATCH-001', 'producto': 'Caja Test Batch', 'x': 1, 'y': 2, 'ubicacion_id': 2, 'ubicacion_nombre': 'B2-N2-A1 (Caja 1)', 'score': 100}], 'parada_actual': 0, 'actualizado_en': '2026-06-25T01:27:53.767739-05:00', 'sensor_opt_izq_ext': False, 'sensor_opt_izq_int': False, 'sensor_opt_der_int': False, 'sensor_opt_der_ext': False, 'sensor_obstaculo_frontal': False, 'sensor_obstaculo_trasero': False, 'motor_izq_vel': 1500, 'motor_der_vel': 1500, 'bateria_pct': 100}
[2026-06-25 01:27:54,087] INFO clasificacion: Publicado comando MQTT a logismart/carro/comando: {'action': 'mover', 'destino_x': 1, 'destino_y': 2, 'ruta': [{'x': 1, 'y': 0}, {'x': 1, 'y': 1}, {'x': 1, 'y': 2}], 'caja_id': 'CAJA-BATCH-001', 'carro_id': 1}
[2026-06-25 01:27:54,104] DEBUG clasificacion: Broadcasted EstadoCarro update via WebSocket: {'id': 1, 'pos_x': 0, 'pos_y': 0, 'destino_x': 0, 'destino_y': 0, 'ruta': [], 'estado': 'esperando', 'caja_id': None, 'paradas': [], 'parada_actual': 0, 'actualizado_en': '2026-06-25T01:27:54.100520-05:00', 'sensor_opt_izq_ext': False, 'sensor_opt_izq_int': False, 'sensor_opt_der_int': False, 'sensor_opt_der_ext': False, 'sensor_obstaculo_frontal': False, 'sensor_obstaculo_trasero': False, 'motor_izq_vel': 1500, 'motor_der_vel': 1500, 'bateria_pct': 100}
[2026-06-25 01:27:54,109] DEBUG clasificacion: Broadcasted EstadoCarro update via WebSocket: {'id': 1, 'pos_x': 0, 'pos_y': 0, 'destino_x': 0, 'destino_y': 1, 'ruta': [{'x': 0, 'y': 1}], 'estado': 'moviendo', 'caja_id': 'CAJA-BATCH-001', 'paradas': [{'caja_id': 'CAJA-BATCH-001', 'producto': 'Caja Test Batch', 'x': 0, 'y': 1, 'ubicacion_id': 1, 'ubicacion_nombre': 'A1-N1-A1 (Caja 1)', 'score': 105}], 'parada_actual': 0, 'actualizado_en': '2026-06-25T01:27:54.105824-05:00', 'sensor_opt_izq_ext': False, 'sensor_opt_izq_int': False, 'sensor_opt_der_int': False, 'sensor_opt_der_ext': False, 'sensor_obstaculo_frontal': False, 'sensor_obstaculo_trasero': False, 'motor_izq_vel': 1500, 'motor_der_vel': 1500, 'bateria_pct': 100}
[2026-06-25 01:27:54,151] INFO clasificacion: Publicado comando MQTT a logismart/carro/comando: {'action': 'mover', 'destino_x': 0, 'destino_y': 1, 'ruta': [{'x': 0, 'y': 1}], 'caja_id': 'CAJA-BATCH-001', 'carro_id': 1}
[2026-06-25 01:27:54,171] INFO clasificacion: Ubicación A1-N1-A1 (Caja 1) liberada.
[2026-06-25 01:27:54,175] WARNING clasificacion: No hay ubicaciones disponibles para caja (peso=10, frágil=True, cat=otro).
[2026-06-25 01:27:54,179] WARNING clasificacion: No hay ubicaciones disponibles para caja (peso=50, frágil=False, cat=otro).
[2026-06-25 01:27:54,184] WARNING clasificacion: No hay ubicaciones disponibles para caja (peso=10, frágil=False, cat=otro).
[2026-06-25 01:27:54,202] INFO clasificacion: Ubicación A1-N1-A1 (Caja 1) liberada.
[2026-06-25 01:27:54,827] INFO clasificacion: Caja creada via API v1: CAJA-API-V1 (proveedor=Proveedor Test, medida=Estándar (1.00x1.00x1.00))
[2026-06-25 01:27:54,887] DEBUG clasificacion: Broadcasted EstadoCarro update via WebSocket: {'id': 1, 'pos_x': 0, 'pos_y': 0, 'destino_x': 0, 'destino_y': 0, 'ruta': [], 'estado': 'esperando', 'caja_id': None, 'paradas': [], 'parada_actual': 0, 'actualizado_en': '2026-06-25T01:27:54.885767-05:00', 'sensor_opt_izq_ext': False, 'sensor_opt_izq_int': False, 'sensor_opt_der_int': False, 'sensor_opt_der_ext': False, 'sensor_obstaculo_frontal': False, 'sensor_obstaculo_trasero': False, 'motor_izq_vel': 1500, 'motor_der_vel': 1500, 'bateria_pct': 100}
